AR instructionmemory arqinstructionmemory "C:/Users/Usuario UTP/Luisda/ProcesadorMonociclo/InstructionMemory.vhd" sub00/vhpl03 1476974386
AR sumador32b behavioral "C:/Users/Usuario UTP/Luisda/ProcesadorMonociclo/Sumador32B.vhd" sub00/vhpl01 1476974384
EN sumador32b NULL "C:/Users/Usuario UTP/Luisda/ProcesadorMonociclo/Sumador32B.vhd" sub00/vhpl00 1476974383
AR unitycontrol behavioral "C:/Users/Usuario UTP/Luisda/ProcesadorMonociclo/UnityControl.vhd" sub00/vhpl10 1476974390
EN unitycontrol NULL "C:/Users/Usuario UTP/Luisda/ProcesadorMonociclo/UnityControl.vhd" sub00/vhpl09 1476974389
EN programmingcounter NULL "C:/Users/Usuario UTP/Luisda/ProcesadorMonociclo/ProgrammingCounter.vhd" sub00/vhpl05 1476974381
AR programmingcounter behavioral "C:/Users/Usuario UTP/Luisda/ProcesadorMonociclo/ProgrammingCounter.vhd" sub00/vhpl06 1476974382
AR unionmodulos behavioral "C:/Users/Usuario UTP/Luisda/ProcesadorMonociclo/unionModulos.vhd" sub00/vhpl17 1476974398
EN signextender NULL "C:/Users/Usuario UTP/Luisda/ProcesadorMonociclo/SignExtender.vhd" sub00/vhpl11 1476974391
AR mux32b behavioral "C:/Users/Usuario UTP/Luisda/ProcesadorMonociclo/Mux32B.vhd" sub00/vhpl14 1476974394
EN instructionmemory NULL "C:/Users/Usuario UTP/Luisda/ProcesadorMonociclo/InstructionMemory.vhd" sub00/vhpl02 1476974385
AR registerfile behavioral "C:/Users/Usuario UTP/Luisda/ProcesadorMonociclo/registerFile.vhd" sub00/vhpl08 1476974388
AR alu behavioral "C:/Users/Usuario UTP/Luisda/ProcesadorMonociclo/Alu.vhd" sub00/vhpl16 1476974396
EN unionmodulos NULL "C:/Users/Usuario UTP/Luisda/ProcesadorMonociclo/unionModulos.vhd" sub00/vhpl04 1476974397
EN mux32b NULL "C:/Users/Usuario UTP/Luisda/ProcesadorMonociclo/Mux32B.vhd" sub00/vhpl13 1476974393
AR signextender behavioral "C:/Users/Usuario UTP/Luisda/ProcesadorMonociclo/SignExtender.vhd" sub00/vhpl12 1476974392
EN registerfile NULL "C:/Users/Usuario UTP/Luisda/ProcesadorMonociclo/registerFile.vhd" sub00/vhpl07 1476974387
EN alu NULL "C:/Users/Usuario UTP/Luisda/ProcesadorMonociclo/Alu.vhd" sub00/vhpl15 1476974395
