AR instructionmemory arqinstructionmemory C:/Users/utp.CRIE/Desktop/Procesador__/InstructionMemory.vhd sub00/vhpl03 1475794519
AR sumador32b behavioral C:/Users/utp.CRIE/Desktop/Procesador__/Sumador32B.vhd sub00/vhpl01 1475794517
EN sumador32b NULL C:/Users/utp.CRIE/Desktop/Procesador__/Sumador32B.vhd sub00/vhpl00 1475794516
AR unitycontrol behavioral C:/Users/utp.CRIE/Desktop/Procesador__/UnityControl.vhd sub00/vhpl10 1475794523
EN unitycontrol NULL C:/Users/utp.CRIE/Desktop/Procesador__/UnityControl.vhd sub00/vhpl09 1475794522
EN programmingcounter NULL C:/Users/utp.CRIE/Desktop/Procesador__/ProgrammingCounter.vhd sub00/vhpl05 1475794514
AR programmingcounter behavioral C:/Users/utp.CRIE/Desktop/Procesador__/ProgrammingCounter.vhd sub00/vhpl06 1475794515
AR unionmodulos behavioral C:/Users/utp.CRIE/Desktop/Procesador__/unionModulos.vhd sub00/vhpl17 1475794531
EN signextender NULL C:/Users/utp.CRIE/Desktop/Procesador__/SignExtender.vhd sub00/vhpl11 1475794524
AR mux32b behavioral C:/Users/utp.CRIE/Desktop/Procesador__/Mux32B.vhd sub00/vhpl14 1475794527
EN instructionmemory NULL C:/Users/utp.CRIE/Desktop/Procesador__/InstructionMemory.vhd sub00/vhpl02 1475794518
AR registerfile behavioral C:/Users/utp.CRIE/Desktop/Procesador__/registerFile.vhd sub00/vhpl08 1475794521
AR alu behavioral C:/Users/utp.CRIE/Desktop/Procesador__/Alu.vhd sub00/vhpl16 1475794529
EN unionmodulos NULL C:/Users/utp.CRIE/Desktop/Procesador__/unionModulos.vhd sub00/vhpl04 1475794530
EN mux32b NULL C:/Users/utp.CRIE/Desktop/Procesador__/Mux32B.vhd sub00/vhpl13 1475794526
AR signextender behavioral C:/Users/utp.CRIE/Desktop/Procesador__/SignExtender.vhd sub00/vhpl12 1475794525
EN registerfile NULL C:/Users/utp.CRIE/Desktop/Procesador__/registerFile.vhd sub00/vhpl07 1475794520
EN alu NULL C:/Users/utp.CRIE/Desktop/Procesador__/Alu.vhd sub00/vhpl15 1475794528
