V3 47
FL "C:/Users/Lenovo_PC/Universidad/Arquitectura de Computadores/Procesador/Alu.vhd" 2016/10/31.16:08:57 P.20131013
EN work/Alu 1477950458 \
      FL "C:/Users/Lenovo_PC/Universidad/Arquitectura de Computadores/Procesador/Alu.vhd" \
      PB ieee/std_logic_1164 1381692176 PB ieee/std_logic_arith 1381692177 \
      PB ieee/STD_LOGIC_UNSIGNED 1381692179 PB ieee/NUMERIC_STD 1381692181
AR work/Alu/Behavioral 1477950459 \
      FL "C:/Users/Lenovo_PC/Universidad/Arquitectura de Computadores/Procesador/Alu.vhd" \
      EN work/Alu 1477950458
FL "C:/Users/Lenovo_PC/Universidad/Arquitectura de Computadores/Procesador/InstructionMemory.vhd" 2016/10/31.15:57:05 P.20131013
EN work/instructionMemory 1477950442 \
      FL "C:/Users/Lenovo_PC/Universidad/Arquitectura de Computadores/Procesador/InstructionMemory.vhd" \
      PB ieee/std_logic_1164 1381692176 PB ieee/STD_LOGIC_UNSIGNED 1381692179 \
      PB std/TEXTIO 1381692176
AR work/instructionMemory/arqInstructionMemory 1477950443 \
      FL "C:/Users/Lenovo_PC/Universidad/Arquitectura de Computadores/Procesador/InstructionMemory.vhd" \
      EN work/instructionMemory 1477950442
FL "C:/Users/Lenovo_PC/Universidad/Arquitectura de Computadores/Procesador/Mux32B.vhd" 2016/10/31.15:57:05 P.20131013
EN work/Mux32B 1477950456 \
      FL "C:/Users/Lenovo_PC/Universidad/Arquitectura de Computadores/Procesador/Mux32B.vhd" \
      PB ieee/std_logic_1164 1381692176 PB ieee/std_logic_arith 1381692177 \
      PB ieee/STD_LOGIC_UNSIGNED 1381692179
AR work/Mux32B/Behavioral 1477950457 \
      FL "C:/Users/Lenovo_PC/Universidad/Arquitectura de Computadores/Procesador/Mux32B.vhd" \
      EN work/Mux32B 1477950456
FL "C:/Users/Lenovo_PC/Universidad/Arquitectura de Computadores/Procesador/ProgrammingCounter.vhd" 2016/10/31.15:57:05 P.20131013
EN work/ProgrammingCounter 1477950438 \
      FL "C:/Users/Lenovo_PC/Universidad/Arquitectura de Computadores/Procesador/ProgrammingCounter.vhd" \
      PB ieee/std_logic_1164 1381692176 PB ieee/std_logic_arith 1381692177 \
      PB ieee/STD_LOGIC_UNSIGNED 1381692179
AR work/ProgrammingCounter/Behavioral 1477950439 \
      FL "C:/Users/Lenovo_PC/Universidad/Arquitectura de Computadores/Procesador/ProgrammingCounter.vhd" \
      EN work/ProgrammingCounter 1477950438
FL "C:/Users/Lenovo_PC/Universidad/Arquitectura de Computadores/Procesador/PSR.vhd" 2016/10/31.16:44:15 P.20131013
EN work/PSR 1477950454 \
      FL "C:/Users/Lenovo_PC/Universidad/Arquitectura de Computadores/Procesador/PSR.vhd" \
      PB ieee/std_logic_1164 1381692176
AR work/PSR/Behavioral 1477950455 \
      FL "C:/Users/Lenovo_PC/Universidad/Arquitectura de Computadores/Procesador/PSR.vhd" \
      EN work/PSR 1477950454
FL "C:/Users/Lenovo_PC/Universidad/Arquitectura de Computadores/Procesador/PSR_Modifier.vhd" 2016/10/31.16:35:43 P.20131013
EN work/PSR_Modifier 1477950452 \
      FL "C:/Users/Lenovo_PC/Universidad/Arquitectura de Computadores/Procesador/PSR_Modifier.vhd" \
      PB ieee/std_logic_1164 1381692176 PB ieee/NUMERIC_STD 1381692181 \
      PB ieee/STD_LOGIC_UNSIGNED 1381692179 PB std/TEXTIO 1381692176
AR work/PSR_Modifier/Behavioral 1477950453 \
      FL "C:/Users/Lenovo_PC/Universidad/Arquitectura de Computadores/Procesador/PSR_Modifier.vhd" \
      EN work/PSR_Modifier 1477950452
FL "C:/Users/Lenovo_PC/Universidad/Arquitectura de Computadores/Procesador/registerFile.vhd" 2016/10/31.16:30:00 P.20131013
EN work/registerFile 1477950446 \
      FL "C:/Users/Lenovo_PC/Universidad/Arquitectura de Computadores/Procesador/registerFile.vhd" \
      PB ieee/std_logic_1164 1381692176 PB ieee/STD_LOGIC_UNSIGNED 1381692179
AR work/registerFile/Behavioral 1477950447 \
      FL "C:/Users/Lenovo_PC/Universidad/Arquitectura de Computadores/Procesador/registerFile.vhd" \
      EN work/registerFile 1477950446
FL "C:/Users/Lenovo_PC/Universidad/Arquitectura de Computadores/Procesador/SignExtender.vhd" 2016/10/31.15:57:05 P.20131013
EN work/SignExtender 1477950450 \
      FL "C:/Users/Lenovo_PC/Universidad/Arquitectura de Computadores/Procesador/SignExtender.vhd" \
      PB ieee/std_logic_1164 1381692176 PB ieee/std_logic_arith 1381692177 \
      PB ieee/STD_LOGIC_UNSIGNED 1381692179
AR work/SignExtender/Behavioral 1477950451 \
      FL "C:/Users/Lenovo_PC/Universidad/Arquitectura de Computadores/Procesador/SignExtender.vhd" \
      EN work/SignExtender 1477950450
FL "C:/Users/Lenovo_PC/Universidad/Arquitectura de Computadores/Procesador/Sumador32B.vhd" 2016/10/31.15:57:05 P.20131013
EN work/Sumador32B 1477950440 \
      FL "C:/Users/Lenovo_PC/Universidad/Arquitectura de Computadores/Procesador/Sumador32B.vhd" \
      PB ieee/std_logic_1164 1381692176 PB ieee/std_logic_arith 1381692177 \
      PB ieee/STD_LOGIC_UNSIGNED 1381692179
AR work/Sumador32B/Behavioral 1477950441 \
      FL "C:/Users/Lenovo_PC/Universidad/Arquitectura de Computadores/Procesador/Sumador32B.vhd" \
      EN work/Sumador32B 1477950440
FL "C:/Users/Lenovo_PC/Universidad/Arquitectura de Computadores/Procesador/unionModulos.vhd" 2016/10/31.16:47:12 P.20131013
EN work/unionModulos 1477950460 \
      FL "C:/Users/Lenovo_PC/Universidad/Arquitectura de Computadores/Procesador/unionModulos.vhd" \
      PB ieee/std_logic_1164 1381692176
AR work/unionModulos/Behavioral 1477950461 \
      FL "C:/Users/Lenovo_PC/Universidad/Arquitectura de Computadores/Procesador/unionModulos.vhd" \
      EN work/unionModulos 1477950460 CP ProgrammingCounter CP Sumador32B \
      CP instructionMemory CP WindowsManager CP registerFile CP UnityControl \
      CP SignExtender CP PSR_Modifier CP PSR CP Mux32B CP Alu
FL "C:/Users/Lenovo_PC/Universidad/Arquitectura de Computadores/Procesador/UnityControl.vhd" 2016/10/31.16:08:30 P.20131013
EN work/UnityControl 1477950448 \
      FL "C:/Users/Lenovo_PC/Universidad/Arquitectura de Computadores/Procesador/UnityControl.vhd" \
      PB ieee/std_logic_1164 1381692176 PB ieee/std_logic_arith 1381692177 \
      PB ieee/STD_LOGIC_UNSIGNED 1381692179
AR work/UnityControl/Behavioral 1477950449 \
      FL "C:/Users/Lenovo_PC/Universidad/Arquitectura de Computadores/Procesador/UnityControl.vhd" \
      EN work/UnityControl 1477950448
FL "C:/Users/Lenovo_PC/Universidad/Arquitectura de Computadores/Procesador/WindowsManager.vhd" 2016/10/31.16:19:16 P.20131013
EN work/WindowsManager 1477950444 \
      FL "C:/Users/Lenovo_PC/Universidad/Arquitectura de Computadores/Procesador/WindowsManager.vhd" \
      PB ieee/std_logic_1164 1381692176 PB ieee/NUMERIC_STD 1381692181 \
      PB ieee/STD_LOGIC_UNSIGNED 1381692179 PB ieee/std_logic_arith 1381692177
AR work/windowsmanager/Behavioral 1477950445 \
      FL "C:/Users/Lenovo_PC/Universidad/Arquitectura de Computadores/Procesador/WindowsManager.vhd" \
      EN work/WindowsManager 1477950444
