V3 71
FL "C:/Users/Lenovo_PC/Universidad/Arquitectura de Computadores/Procesador/Alu.vhd" 2016/10/31.16:08:57 P.20131013
EN work/Alu 1479073193 \
      FL "C:/Users/Lenovo_PC/Universidad/Arquitectura de Computadores/Procesador/Alu.vhd" \
      PB ieee/std_logic_1164 1381692176 PB ieee/std_logic_arith 1381692177 \
      PB ieee/STD_LOGIC_UNSIGNED 1381692179 PB ieee/NUMERIC_STD 1381692181
AR work/Alu/Behavioral 1479073194 \
      FL "C:/Users/Lenovo_PC/Universidad/Arquitectura de Computadores/Procesador/Alu.vhd" \
      EN work/Alu 1479073193
FL "C:/Users/Lenovo_PC/Universidad/Arquitectura de Computadores/Procesador/DataMemory.vhd" 2016/11/13.16:28:04 P.20131013
EN work/DataMemory 1479073195 \
      FL "C:/Users/Lenovo_PC/Universidad/Arquitectura de Computadores/Procesador/DataMemory.vhd" \
      PB ieee/std_logic_1164 1381692176 PB ieee/std_logic_arith 1381692177 \
      PB ieee/STD_LOGIC_UNSIGNED 1381692179
AR work/DataMemory/Behavioral 1479073196 \
      FL "C:/Users/Lenovo_PC/Universidad/Arquitectura de Computadores/Procesador/DataMemory.vhd" \
      EN work/DataMemory 1479073195
FL "C:/Users/Lenovo_PC/Universidad/Arquitectura de Computadores/Procesador/DataRF_Mux.vhd" 2016/11/13.15:53:09 P.20131013
EN work/DataRF_Mux 1479073197 \
      FL "C:/Users/Lenovo_PC/Universidad/Arquitectura de Computadores/Procesador/DataRF_Mux.vhd" \
      PB ieee/std_logic_1164 1381692176
AR work/DataRF_Mux/Behavioral 1479073198 \
      FL "C:/Users/Lenovo_PC/Universidad/Arquitectura de Computadores/Procesador/DataRF_Mux.vhd" \
      EN work/DataRF_Mux 1479073197
FL "C:/Users/Lenovo_PC/Universidad/Arquitectura de Computadores/Procesador/InstructionMemory.vhd" 2016/11/01.16:31:05 P.20131013
EN work/instructionMemory 1479073175 \
      FL "C:/Users/Lenovo_PC/Universidad/Arquitectura de Computadores/Procesador/InstructionMemory.vhd" \
      PB ieee/std_logic_1164 1381692176 PB ieee/STD_LOGIC_UNSIGNED 1381692179 \
      PB std/TEXTIO 1381692176
AR work/instructionMemory/arqInstructionMemory 1479073176 \
      FL "C:/Users/Lenovo_PC/Universidad/Arquitectura de Computadores/Procesador/InstructionMemory.vhd" \
      EN work/instructionMemory 1479073175
FL "C:/Users/Lenovo_PC/Universidad/Arquitectura de Computadores/Procesador/Mux32B.vhd" 2016/10/31.15:57:05 P.20131013
EN work/Mux32B 1479073191 \
      FL "C:/Users/Lenovo_PC/Universidad/Arquitectura de Computadores/Procesador/Mux32B.vhd" \
      PB ieee/std_logic_1164 1381692176 PB ieee/std_logic_arith 1381692177 \
      PB ieee/STD_LOGIC_UNSIGNED 1381692179
AR work/Mux32B/Behavioral 1479073192 \
      FL "C:/Users/Lenovo_PC/Universidad/Arquitectura de Computadores/Procesador/Mux32B.vhd" \
      EN work/Mux32B 1479073191
FL "C:/Users/Lenovo_PC/Universidad/Arquitectura de Computadores/Procesador/PC_Mux.vhd" 2016/11/13.15:44:27 P.20131013
EN work/PC_Mux 1479073203 \
      FL "C:/Users/Lenovo_PC/Universidad/Arquitectura de Computadores/Procesador/PC_Mux.vhd" \
      PB ieee/std_logic_1164 1381692176
AR work/PC_Mux/Behavioral 1479073204 \
      FL "C:/Users/Lenovo_PC/Universidad/Arquitectura de Computadores/Procesador/PC_Mux.vhd" \
      EN work/PC_Mux 1479073203
FL "C:/Users/Lenovo_PC/Universidad/Arquitectura de Computadores/Procesador/ProgrammingCounter.vhd" 2016/11/13.14:57:05 P.20131013
EN work/ProgrammingCounter 1479073171 \
      FL "C:/Users/Lenovo_PC/Universidad/Arquitectura de Computadores/Procesador/ProgrammingCounter.vhd" \
      PB ieee/std_logic_1164 1381692176 PB ieee/std_logic_arith 1381692177 \
      PB ieee/STD_LOGIC_UNSIGNED 1381692179
AR work/ProgrammingCounter/Behavioral 1479073172 \
      FL "C:/Users/Lenovo_PC/Universidad/Arquitectura de Computadores/Procesador/ProgrammingCounter.vhd" \
      EN work/ProgrammingCounter 1479073171
FL "C:/Users/Lenovo_PC/Universidad/Arquitectura de Computadores/Procesador/PSR.vhd" 2016/11/13.16:38:16 P.20131013
EN work/PSR 1479073181 \
      FL "C:/Users/Lenovo_PC/Universidad/Arquitectura de Computadores/Procesador/PSR.vhd" \
      PB ieee/std_logic_1164 1381692176
AR work/PSR/Behavioral 1479073182 \
      FL "C:/Users/Lenovo_PC/Universidad/Arquitectura de Computadores/Procesador/PSR.vhd" \
      EN work/PSR 1479073181
FL "C:/Users/Lenovo_PC/Universidad/Arquitectura de Computadores/Procesador/PSR_Modifier.vhd" 2016/11/01.15:08:04 P.20131013
EN work/PSR_Modifier 1479073189 \
      FL "C:/Users/Lenovo_PC/Universidad/Arquitectura de Computadores/Procesador/PSR_Modifier.vhd" \
      PB ieee/std_logic_1164 1381692176 PB ieee/NUMERIC_STD 1381692181 \
      PB ieee/STD_LOGIC_UNSIGNED 1381692179
AR work/PSR_Modifier/Behavioral 1479073190 \
      FL "C:/Users/Lenovo_PC/Universidad/Arquitectura de Computadores/Procesador/PSR_Modifier.vhd" \
      EN work/PSR_Modifier 1479073189
FL "C:/Users/Lenovo_PC/Universidad/Arquitectura de Computadores/Procesador/registerFile.vhd" 2016/11/13.16:08:01 P.20131013
EN work/registerFile 1479073183 \
      FL "C:/Users/Lenovo_PC/Universidad/Arquitectura de Computadores/Procesador/registerFile.vhd" \
      PB ieee/std_logic_1164 1381692176 PB ieee/STD_LOGIC_UNSIGNED 1381692179
AR work/registerFile/Behavioral 1479073184 \
      FL "C:/Users/Lenovo_PC/Universidad/Arquitectura de Computadores/Procesador/registerFile.vhd" \
      EN work/registerFile 1479073183
FL "C:/Users/Lenovo_PC/Universidad/Arquitectura de Computadores/Procesador/RF_Mux.vhd" 2016/11/13.16:27:04 P.20131013
EN work/RD_Mux 1479073179 \
      FL "C:/Users/Lenovo_PC/Universidad/Arquitectura de Computadores/Procesador/RF_Mux.vhd" \
      PB ieee/std_logic_1164 1381692176
AR work/RD_Mux/Behavioral 1479073180 \
      FL "C:/Users/Lenovo_PC/Universidad/Arquitectura de Computadores/Procesador/RF_Mux.vhd" \
      EN work/RD_Mux 1479073179
FL "C:/Users/Lenovo_PC/Universidad/Arquitectura de Computadores/Procesador/SEU_Disp22.vhd" 2016/11/13.16:30:44 P.20131013
EN work/SEU_Disp22 1479073201 \
      FL "C:/Users/Lenovo_PC/Universidad/Arquitectura de Computadores/Procesador/SEU_Disp22.vhd" \
      PB ieee/std_logic_1164 1381692176 PB ieee/std_logic_arith 1381692177 \
      PB ieee/STD_LOGIC_UNSIGNED 1381692179
AR work/SEU_Disp22/Behavioral 1479073202 \
      FL "C:/Users/Lenovo_PC/Universidad/Arquitectura de Computadores/Procesador/SEU_Disp22.vhd" \
      EN work/SEU_Disp22 1479073201
FL "C:/Users/Lenovo_PC/Universidad/Arquitectura de Computadores/Procesador/SEU_Disp30.vhd" 2016/11/13.16:31:41 P.20131013
EN work/SEU_Disp30 1479073199 \
      FL "C:/Users/Lenovo_PC/Universidad/Arquitectura de Computadores/Procesador/SEU_Disp30.vhd" \
      PB ieee/std_logic_1164 1381692176 PB ieee/std_logic_arith 1381692177 \
      PB ieee/STD_LOGIC_UNSIGNED 1381692179
AR work/SEU_Disp30/Behavioral 1479073200 \
      FL "C:/Users/Lenovo_PC/Universidad/Arquitectura de Computadores/Procesador/SEU_Disp30.vhd" \
      EN work/SEU_Disp30 1479073199
FL "C:/Users/Lenovo_PC/Universidad/Arquitectura de Computadores/Procesador/SignExtender.vhd" 2016/10/31.15:57:05 P.20131013
EN work/SignExtender 1479073187 \
      FL "C:/Users/Lenovo_PC/Universidad/Arquitectura de Computadores/Procesador/SignExtender.vhd" \
      PB ieee/std_logic_1164 1381692176 PB ieee/std_logic_arith 1381692177 \
      PB ieee/STD_LOGIC_UNSIGNED 1381692179
AR work/SignExtender/Behavioral 1479073188 \
      FL "C:/Users/Lenovo_PC/Universidad/Arquitectura de Computadores/Procesador/SignExtender.vhd" \
      EN work/SignExtender 1479073187
FL "C:/Users/Lenovo_PC/Universidad/Arquitectura de Computadores/Procesador/Sumador32B.vhd" 2016/10/31.15:57:05 P.20131013
EN work/Sumador32B 1479073173 \
      FL "C:/Users/Lenovo_PC/Universidad/Arquitectura de Computadores/Procesador/Sumador32B.vhd" \
      PB ieee/std_logic_1164 1381692176 PB ieee/std_logic_arith 1381692177 \
      PB ieee/STD_LOGIC_UNSIGNED 1381692179
AR work/Sumador32B/Behavioral 1479073174 \
      FL "C:/Users/Lenovo_PC/Universidad/Arquitectura de Computadores/Procesador/Sumador32B.vhd" \
      EN work/Sumador32B 1479073173
FL "C:/Users/Lenovo_PC/Universidad/Arquitectura de Computadores/Procesador/unionModulos.vhd" 2016/11/13.16:36:58 P.20131013
EN work/unionModulos 1479073205 \
      FL "C:/Users/Lenovo_PC/Universidad/Arquitectura de Computadores/Procesador/unionModulos.vhd" \
      PB ieee/std_logic_1164 1381692176
AR work/unionModulos/Behavioral 1479073206 \
      FL "C:/Users/Lenovo_PC/Universidad/Arquitectura de Computadores/Procesador/unionModulos.vhd" \
      EN work/unionModulos 1479073205 CP ProgrammingCounter CP Sumador32B \
      CP instructionMemory CP WindowsManager CP RD_Mux CP PSR CP registerFile \
      CP UnityControl CP SignExtender CP PSR_Modifier CP Mux32B CP Alu CP DataMemory \
      CP DataRF_Mux CP SEU_Disp30 CP SEU_Disp22 CP PC_Mux
FL "C:/Users/Lenovo_PC/Universidad/Arquitectura de Computadores/Procesador/UnityControl.vhd" 2016/11/13.15:54:42 P.20131013
EN work/UnityControl 1479073185 \
      FL "C:/Users/Lenovo_PC/Universidad/Arquitectura de Computadores/Procesador/UnityControl.vhd" \
      PB ieee/std_logic_1164 1381692176 PB ieee/std_logic_arith 1381692177 \
      PB ieee/STD_LOGIC_UNSIGNED 1381692179
AR work/UnityControl/Behavioral 1479073186 \
      FL "C:/Users/Lenovo_PC/Universidad/Arquitectura de Computadores/Procesador/UnityControl.vhd" \
      EN work/UnityControl 1479073185
FL "C:/Users/Lenovo_PC/Universidad/Arquitectura de Computadores/Procesador/WindowsManager.vhd" 2016/11/13.14:57:57 P.20131013
EN work/WindowsManager 1479073177 \
      FL "C:/Users/Lenovo_PC/Universidad/Arquitectura de Computadores/Procesador/WindowsManager.vhd" \
      PB ieee/std_logic_1164 1381692176 PB ieee/STD_LOGIC_UNSIGNED 1381692179 \
      PB ieee/std_logic_arith 1381692177
AR work/WindowsManager/Behavioral 1479073178 \
      FL "C:/Users/Lenovo_PC/Universidad/Arquitectura de Computadores/Procesador/WindowsManager.vhd" \
      EN work/WindowsManager 1479073177
