V3 71
EN work/Alu 0 \
      FL "C:/Users/Lenovo_PC/Universidad/Arquitectura de Computadores/Procesador/Alu.vhd" \
      PB ieee/std_logic_1164 1381692176 PB ieee/std_logic_arith 1381692177 \
      PB ieee/STD_LOGIC_UNSIGNED 1381692179 PB ieee/NUMERIC_STD 1381692181
AR work/Alu/Behavioral 0 \
      FL "C:/Users/Lenovo_PC/Universidad/Arquitectura de Computadores/Procesador/Alu.vhd" \
      EN work/Alu 0
EN work/DataMemory 0 \
      FL "C:/Users/Lenovo_PC/Universidad/Arquitectura de Computadores/Procesador/DataMemory.vhd" \
      PB ieee/std_logic_1164 1381692176 PB ieee/std_logic_arith 1381692177 \
      PB ieee/STD_LOGIC_UNSIGNED 1381692179
AR work/DataMemory/Behavioral 0 \
      FL "C:/Users/Lenovo_PC/Universidad/Arquitectura de Computadores/Procesador/DataMemory.vhd" \
      EN work/DataMemory 0
EN work/DataRF_Mux 0 \
      FL "C:/Users/Lenovo_PC/Universidad/Arquitectura de Computadores/Procesador/DataRF_Mux.vhd" \
      PB ieee/std_logic_1164 1381692176
AR work/DataRF_Mux/Behavioral 0 \
      FL "C:/Users/Lenovo_PC/Universidad/Arquitectura de Computadores/Procesador/DataRF_Mux.vhd" \
      EN work/DataRF_Mux 0
FL "C:/Users/Lenovo_PC/Universidad/Arquitectura de Computadores/Procesador/InstructionMemory.vhd" 2016/11/01.16:31:05 P.20131013
EN work/instructionMemory 1479072340 \
      FL "C:/Users/Lenovo_PC/Universidad/Arquitectura de Computadores/Procesador/InstructionMemory.vhd" \
      PB ieee/std_logic_1164 1381692176 PB ieee/STD_LOGIC_UNSIGNED 1381692179 \
      PB std/TEXTIO 1381692176
AR work/instructionMemory/arqInstructionMemory 1479072341 \
      FL "C:/Users/Lenovo_PC/Universidad/Arquitectura de Computadores/Procesador/InstructionMemory.vhd" \
      EN work/instructionMemory 1479072340
EN work/Mux32B 0 \
      FL "C:/Users/Lenovo_PC/Universidad/Arquitectura de Computadores/Procesador/Mux32B.vhd" \
      PB ieee/std_logic_1164 1381692176 PB ieee/std_logic_arith 1381692177 \
      PB ieee/STD_LOGIC_UNSIGNED 1381692179
AR work/Mux32B/Behavioral 0 \
      FL "C:/Users/Lenovo_PC/Universidad/Arquitectura de Computadores/Procesador/Mux32B.vhd" \
      EN work/Mux32B 0
EN work/PC_Mux 0 \
      FL "C:/Users/Lenovo_PC/Universidad/Arquitectura de Computadores/Procesador/PC_Mux.vhd" \
      PB ieee/std_logic_1164 1381692176
AR work/PC_Mux/Behavioral 0 \
      FL "C:/Users/Lenovo_PC/Universidad/Arquitectura de Computadores/Procesador/PC_Mux.vhd" \
      EN work/PC_Mux 0
FL "C:/Users/Lenovo_PC/Universidad/Arquitectura de Computadores/Procesador/ProgrammingCounter.vhd" 2016/11/13.14:57:05 P.20131013
EN work/ProgrammingCounter 1479072336 \
      FL "C:/Users/Lenovo_PC/Universidad/Arquitectura de Computadores/Procesador/ProgrammingCounter.vhd" \
      PB ieee/std_logic_1164 1381692176 PB ieee/std_logic_arith 1381692177 \
      PB ieee/STD_LOGIC_UNSIGNED 1381692179
AR work/ProgrammingCounter/Behavioral 1479072337 \
      FL "C:/Users/Lenovo_PC/Universidad/Arquitectura de Computadores/Procesador/ProgrammingCounter.vhd" \
      EN work/ProgrammingCounter 1479072336
EN work/PSR 0 \
      FL "C:/Users/Lenovo_PC/Universidad/Arquitectura de Computadores/Procesador/PSR.vhd" \
      PB ieee/std_logic_1164 1381692176
AR work/PSR/Behavioral 0 \
      FL "C:/Users/Lenovo_PC/Universidad/Arquitectura de Computadores/Procesador/PSR.vhd" \
      EN work/PSR 0
EN work/PSR_Modifier 0 \
      FL "C:/Users/Lenovo_PC/Universidad/Arquitectura de Computadores/Procesador/PSR_Modifier.vhd" \
      PB ieee/std_logic_1164 1381692176 PB ieee/NUMERIC_STD 1381692181 \
      PB ieee/STD_LOGIC_UNSIGNED 1381692179
AR work/PSR_Modifier/Behavioral 0 \
      FL "C:/Users/Lenovo_PC/Universidad/Arquitectura de Computadores/Procesador/PSR_Modifier.vhd" \
      EN work/PSR_Modifier 0
EN work/registerFile 0 \
      FL "C:/Users/Lenovo_PC/Universidad/Arquitectura de Computadores/Procesador/registerFile.vhd" \
      PB ieee/std_logic_1164 1381692176 PB ieee/STD_LOGIC_UNSIGNED 1381692179
AR work/registerFile/Behavioral 0 \
      FL "C:/Users/Lenovo_PC/Universidad/Arquitectura de Computadores/Procesador/registerFile.vhd" \
      EN work/registerFile 0
EN work/RD_Mux 0 \
      FL "C:/Users/Lenovo_PC/Universidad/Arquitectura de Computadores/Procesador/RF_Mux.vhd" \
      PB ieee/std_logic_1164 1381692176
AR work/RD_Mux/Behavioral 0 \
      FL "C:/Users/Lenovo_PC/Universidad/Arquitectura de Computadores/Procesador/RF_Mux.vhd" \
      EN work/RD_Mux 0
EN work/SEU_Disp22 0 \
      FL "C:/Users/Lenovo_PC/Universidad/Arquitectura de Computadores/Procesador/SEU_Disp22.vhd" \
      PB ieee/std_logic_1164 1381692176 PB ieee/std_logic_arith 1381692177 \
      PB ieee/STD_LOGIC_UNSIGNED 1381692179
AR work/SEU_Disp22/Behavioral 0 \
      FL "C:/Users/Lenovo_PC/Universidad/Arquitectura de Computadores/Procesador/SEU_Disp22.vhd" \
      EN work/SEU_Disp22 0
EN work/SEU_Disp30 0 \
      FL "C:/Users/Lenovo_PC/Universidad/Arquitectura de Computadores/Procesador/SEU_Disp30.vhd" \
      PB ieee/std_logic_1164 1381692176 PB ieee/std_logic_arith 1381692177 \
      PB ieee/STD_LOGIC_UNSIGNED 1381692179
AR work/SEU_Disp30/Behavioral 0 \
      FL "C:/Users/Lenovo_PC/Universidad/Arquitectura de Computadores/Procesador/SEU_Disp30.vhd" \
      EN work/SEU_Disp30 0
EN work/SignExtender 0 \
      FL "C:/Users/Lenovo_PC/Universidad/Arquitectura de Computadores/Procesador/SignExtender.vhd" \
      PB ieee/std_logic_1164 1381692176 PB ieee/std_logic_arith 1381692177 \
      PB ieee/STD_LOGIC_UNSIGNED 1381692179
AR work/SignExtender/Behavioral 0 \
      FL "C:/Users/Lenovo_PC/Universidad/Arquitectura de Computadores/Procesador/SignExtender.vhd" \
      EN work/SignExtender 0
FL "C:/Users/Lenovo_PC/Universidad/Arquitectura de Computadores/Procesador/Sumador32B.vhd" 2016/10/31.15:57:05 P.20131013
EN work/Sumador32B 1479072338 \
      FL "C:/Users/Lenovo_PC/Universidad/Arquitectura de Computadores/Procesador/Sumador32B.vhd" \
      PB ieee/std_logic_1164 1381692176 PB ieee/std_logic_arith 1381692177 \
      PB ieee/STD_LOGIC_UNSIGNED 1381692179
AR work/Sumador32B/Behavioral 1479072339 \
      FL "C:/Users/Lenovo_PC/Universidad/Arquitectura de Computadores/Procesador/Sumador32B.vhd" \
      EN work/Sumador32B 1479072338
EN work/unionModulos 0 \
      FL "C:/Users/Lenovo_PC/Universidad/Arquitectura de Computadores/Procesador/unionModulos.vhd" \
      PB ieee/std_logic_1164 1381692176
AR work/unionModulos/Behavioral 0 \
      FL "C:/Users/Lenovo_PC/Universidad/Arquitectura de Computadores/Procesador/unionModulos.vhd" \
      EN work/unionModulos 0 CP ProgrammingCounter CP Sumador32B \
      CP instructionMemory CP WindowsManager CP RD_Mux CP PSR CP registerFile \
      CP UnityControl CP SignExtender CP PSR_Modifier CP Mux32B CP Alu CP DataMemory \
      CP DataRF_Mux CP SEU_Disp30 CP SEU_Disp22 CP PC_Mux
EN work/UnityControl 0 \
      FL "C:/Users/Lenovo_PC/Universidad/Arquitectura de Computadores/Procesador/UnityControl.vhd" \
      PB ieee/std_logic_1164 1381692176 PB ieee/std_logic_arith 1381692177 \
      PB ieee/STD_LOGIC_UNSIGNED 1381692179
AR work/UnityControl/Behavioral 0 \
      FL "C:/Users/Lenovo_PC/Universidad/Arquitectura de Computadores/Procesador/UnityControl.vhd" \
      EN work/UnityControl 0
FL "C:/Users/Lenovo_PC/Universidad/Arquitectura de Computadores/Procesador/WindowsManager.vhd" 2016/11/13.14:57:57 P.20131013
EN work/WindowsManager 1479072342 \
      FL "C:/Users/Lenovo_PC/Universidad/Arquitectura de Computadores/Procesador/WindowsManager.vhd" \
      PB ieee/std_logic_1164 1381692176 PB ieee/STD_LOGIC_UNSIGNED 1381692179 \
      PB ieee/std_logic_arith 1381692177
AR work/WindowsManager/Behavioral 1479072343 \
      FL "C:/Users/Lenovo_PC/Universidad/Arquitectura de Computadores/Procesador/WindowsManager.vhd" \
      EN work/WindowsManager 1479072342
